Renesas Optimizing Linker (W2.07.00 )             13-Oct-2017 08:47:55

*** Options ***

-subcommand=DefaultBuild\magnetic_floating_control_with_pid.clnk
-library=DefaultBuild\magnetic_floating_control_with_pid.lib
-input=DefaultBuild\magnetic_floating_control_with_pid.obj
-input=DefaultBuild\ApplicationHook.obj
-input=DefaultBuild\heap_1.obj
-input=DefaultBuild\port.obj
-input=DefaultBuild\port_asm.obj
-input=DefaultBuild\croutine.obj
-input=DefaultBuild\event_groups.obj
-input=DefaultBuild\list.obj
-input=DefaultBuild\queue.obj
-input=DefaultBuild\tasks.obj
-input=DefaultBuild\timers.obj
-input=DefaultBuild\main_apl.obj
-input=DefaultBuild\UserSetting.obj
-input=DefaultBuild\oled.obj
-input=DefaultBuild\rtc.obj
-input=DefaultBuild\Config_PORT.obj
-input=DefaultBuild\Config_PORT_user.obj
-input=DefaultBuild\Config_SCI0.obj
-input=DefaultBuild\Config_SCI0_user.obj
-input=DefaultBuild\r_cg_dmac_user.obj
-input=DefaultBuild\r_cg_hardware_setup.obj
-input=DefaultBuild\r_smc_cgc.obj
-input=DefaultBuild\r_smc_cgc_user.obj
-input=DefaultBuild\r_smc_interrupt.obj
-input=DefaultBuild\dbsct.obj
-input=DefaultBuild\hwsetup.obj
-input=DefaultBuild\lowlvl.obj
-input=DefaultBuild\lowsrc.obj
-input=DefaultBuild\resetprg.obj
-input=DefaultBuild\sbrk.obj
-input=DefaultBuild\vecttbl.obj
-input=DefaultBuild\r_bsp_common.obj
-input=DefaultBuild\cpu.obj
-input=DefaultBuild\locking.obj
-input=DefaultBuild\mcu_clocks.obj
-input=DefaultBuild\mcu_init.obj
-input=DefaultBuild\mcu_interrupts.obj
-input=DefaultBuild\mcu_locks.obj
-input=DefaultBuild\mcu_mapped_interrupts.obj
-input=DefaultBuild\Pin.obj
-input=DefaultBuild\r_riic_rx.obj
-input=DefaultBuild\r_riic_rx64m.obj
-noprelink
-output=DefaultBuild\magnetic_floating_control_with_pid.abs
-vect=_undefined_interrupt_source_isr
-list=DefaultBuild\magnetic_floating_control_with_pid.map
-nooptimize
-start=B_1,R_1,B_2,R_2,B,R,SU,SI/00000004,C_1,C_2,C,C$DSEC,C$BSEC,C$VECT,D_1,D_2,D,P,W_1,W_2,W,L/0FFC00100,EXCEPTVECT/0FFFFFF80,RESETVECT/0FFFFFFFC
-rom=D=R,D_1=R_1,D_2=R_2
-nologo
-end

*** Error information ***

*** Mapping List ***

SECTION                            START      END         SIZE   ALIGN
B_1
                                  00000004  0000b845      b842   1
R_1
                                  0000b846  0000b8b9        74   1
B_2
                                  0000b8ba  0000b8c7         e   2
R_2
                                  0000b8c8  0000b8c8         0   1
B
                                  0000b8c8  0000c1e7       920   4
R
                                  0000c1e8  0000c327       140   4
SU
                                  0000c328  0000d327      1000   4
SI
                                  0000d328  0000d727       400   4
$ADDR_C_120040
                                  00120040  00120043         4   1
$ADDR_C_120048
                                  00120048  0012004b         4   1
$ADDR_C_120050
                                  00120050  0012006f        20   1
C_1
                                  ffc00100  ffc00114        15   1
C_2
                                  ffc00116  ffc00133        1e   2
C
                                  ffc00134  ffc00583       450   4
C$DSEC
                                  ffc00584  ffc005a7        24   4
C$BSEC
                                  ffc005a8  ffc005bf        18   4
C$VECT
                                  ffc005c0  ffc009bf       400   4
D_1
                                  ffc009c0  ffc00a33        74   1
D_2
                                  ffc00a34  ffc00a34         0   1
D
                                  ffc00a34  ffc00b73       140   4
P
                                  ffc00b74  ffc0957e      8a0b   1
W_1
                                  ffc0957f  ffc0957f         0   1
W_2
                                  ffc0957f  ffc0957f         0   1
W
                                  ffc0957f  ffc0957f         0   1
L
                                  ffc09580  ffc095f9        7a   4
EXCEPTVECT
                                  ffffff80  fffffffb        7c   4
RESETVECT
                                  fffffffc  ffffffff         4   4
