Renesas Optimizing Linker (W2.07.00 )             23-Oct-2017 17:09:18

*** Options ***

-subcommand=DefaultBuild\magnetic_floating_control_with_pid.clnk
-library=DefaultBuild\magnetic_floating_control_with_pid.lib
-input=DefaultBuild\magnetic_floating_control_with_pid.obj
-input=DefaultBuild\main_apl.obj
-input=DefaultBuild\ApplicationHook.obj
-input=DefaultBuild\heap_1.obj
-input=DefaultBuild\port.obj
-input=DefaultBuild\port_asm.obj
-input=DefaultBuild\UserSetting.obj
-input=DefaultBuild\croutine.obj
-input=DefaultBuild\event_groups.obj
-input=DefaultBuild\list.obj
-input=DefaultBuild\queue.obj
-input=DefaultBuild\tasks.obj
-input=DefaultBuild\timers.obj
-input=DefaultBuild\Config_PORT.obj
-input=DefaultBuild\Config_PORT_user.obj
-input=DefaultBuild\r_cg_dmac_user.obj
-input=DefaultBuild\r_cg_hardware_setup.obj
-input=DefaultBuild\r_smc_cgc.obj
-input=DefaultBuild\r_smc_cgc_user.obj
-input=DefaultBuild\r_smc_interrupt.obj
-input=DefaultBuild\dbsct.obj
-input=DefaultBuild\hwsetup.obj
-input=DefaultBuild\lowlvl.obj
-input=DefaultBuild\lowsrc.obj
-input=DefaultBuild\resetprg.obj
-input=DefaultBuild\sbrk.obj
-input=DefaultBuild\vecttbl.obj
-input=DefaultBuild\r_bsp_common.obj
-input=DefaultBuild\cpu.obj
-input=DefaultBuild\locking.obj
-input=DefaultBuild\mcu_clocks.obj
-input=DefaultBuild\mcu_init.obj
-input=DefaultBuild\mcu_interrupts.obj
-input=DefaultBuild\mcu_locks.obj
-input=DefaultBuild\mcu_mapped_interrupts.obj
-input=DefaultBuild\Pin.obj
-input=DefaultBuild\r_riic_rx.obj
-input=DefaultBuild\r_riic_rx64m.obj
-input=DefaultBuild\r_sci_iic_rx.obj
-input=DefaultBuild\r_sci_iic_rx64m.obj
-input=DefaultBuild\disp_clock.obj
-input=DefaultBuild\disp_main.obj
-input=DefaultBuild\i2c_driver.obj
-input=DefaultBuild\rtc_driver.obj
-input=DefaultBuild\temp_sens_driver.obj
-input=DefaultBuild\oled.obj
-input=DefaultBuild\sin_cos.obj
-input=DefaultBuild\draw_data.obj
-noprelink
-output=DefaultBuild\magnetic_floating_control_with_pid.abs
-list=DefaultBuild\magnetic_floating_control_with_pid.map
-nooptimize
-start=B_1,R_1,B_2,R_2,B,R,SU,SI/00000004,C_1,C_2,C,C$DSEC,C$BSEC,C$VECT,D_1,D_2,D,P,W_1,W_2,W,L/0FFC00100,EXCEPTVECT/0FFFFFF80,RESETVECT/0FFFFFFFC
-rom=D=R,D_1=R_1,D_2=R_2
-nologo
-end

*** Error information ***

*** Mapping List ***

SECTION                            START      END         SIZE   ALIGN
B_1
                                  00000004  00002c4f      2c4c   1
R_1
                                  00002c50  00002ca0        51   1
B_2
                                  00002ca2  00002ca9         8   2
R_2
                                  00002caa  00002caa         0   1
B
                                  00002cac  00003203       558   4
R
                                  00003204  00003367       164   4
SU
                                  00003368  0000336b         4   4
SI
                                  0000336c  0000376b       400   4
$ADDR_C_120040
                                  00120040  00120043         4   1
$ADDR_C_120048
                                  00120048  0012004b         4   1
$ADDR_C_120050
                                  00120050  0012006f        20   1
C_1
                                  ffc00100  ffc00314       215   1
C_2
                                  ffc00316  ffc00343        2e   2
C
                                  ffc00344  ffc0150b      11c8   4
C$DSEC
                                  ffc0150c  ffc0152f        24   4
C$BSEC
                                  ffc01530  ffc01547        18   4
C$VECT
                                  ffc01548  ffc01947       400   4
D_1
                                  ffc01948  ffc01998        51   1
D_2
                                  ffc01999  ffc01999         0   1
D
                                  ffc0199c  ffc01aff       164   4
P
                                  ffc01b00  ffc08fa9      74aa   1
W_1
                                  ffc08faa  ffc08faa         0   1
W_2
                                  ffc08faa  ffc08faa         0   1
W
                                  ffc08faa  ffc08faa         0   1
L
                                  ffc08fac  ffc09037        8c   4
EXCEPTVECT
                                  ffffff80  fffffffb        7c   4
RESETVECT
                                  fffffffc  ffffffff         4   4
